Microchip MPLAB XC8 Compiler V2.41

Linker command line:

-W-3 \
  --edf=C:/Program Files/Microchip/MPLABX/v6.10/packs/Microchip/PIC16Fxxx_DFP/1.4.149/xc8\pic\dat\20230322214319_en.msgs \
  -cn -h+dist/default/production\LAB04_D2.X.production.sym \
  --cmf=dist/default/production\LAB04_D2.X.production.cmf -z -Q16F887 \
  -oC:\Users\nuevo\AppData\Local\Temp\xcAs1j0.\driver_tmp_3.o \
  --defsym=__MPLAB_BUILD=1 --fixupoverflow=error \
  -Mdist/default/production/LAB04_D2.X.production.map \
  --md=C:\Users\nuevo\AppData\Local\Temp\xcAs1j0.\driver_tmp_0.dat -E1 \
  -ver=XC8 Compiler --acfsm=1493 -ACODE=00h-07FFhx4 -ASTRCODE=00h-01FFFh \
  -ASTRING=00h-0FFhx32 -ACONST=00h-0FFhx32 -AENTRY=00h-0FFhx32 \
  -ACOMMON=070h-07Fh -ABANK0=020h-06Fh -ABANK1=0A0h-0EFh \
  -ABANK2=0110h-016Fh -ABANK3=0190h-01EFh \
  -ARAM=020h-06Fh,0A0h-0EFh,0110h-016Fh,0190h-01EFh \
  -AABS1=020h-07Fh,0A0h-0EFh,0110h-016Fh,0190h-01EFh -ASFR0=00h-01Fh \
  -ASFR1=080h-09Fh -ASFR2=0100h-010Fh -ASFR3=0180h-018Fh \
  -ACONFIG=02007h-02008h -DCONFIG=2 -AIDLOC=02000h-02003h -DIDLOC=2 \
  -AEEDATA=00h-0FFh/02100h -peeprom_data=EEDATA -DEEDATA=2 -DCODE=2 \
  -DSTRCODE=2 -DSTRING=2 -DCONST=2 -DENTRY=2 \
  -preset_vec=00h,intentry=04h,init,end_init -ppowerup=CODE -pcinit=CODE \
  -pfunctab=ENTRY -k \
  C:\Users\nuevo\AppData\Local\Temp\xcAs1j0.\driver_tmp_12.o \
  dist/default/production\LAB04_D2.X.production.o 

Object code version is 3.11

Machine type is 16F887



                Name                               Link     Load   Length Selector   Space Scale
C:\Users\nuevo\AppData\Local\Temp\xcAs1j0.\driver_tmp_12.o
                end_init                              E        E        3        8       0
                reset_vec                             0        0        3        0       0
                config                             2007     2007        2        0       4
dist/default/production\LAB04_D2.X.production.o
                cinit                                11       11       2F        8       0
                intentry                              4        4        A        8       0
                config                             2007     2007        2        0       4
                text42                             13A2     13A2       2D     2744       0
                text41                              8C4      8C4       80     1188       0
                text40                              800      800        6        8       0
                text39                             1244     1244        D     2488       0
                text38                              5DD      5DD      1CF        8       0
                text37                             1379     1379       29     26F2       0
                text36                               40       40      345        8       0
                text35                              84C      84C       78     1098       0
                text34                              944      944       BA     1288       0
                text33                             160A     160A       5D     2C14       0
                text32                             1797     1797       69     2F2E       0
                text31                              385      385      258        8       0
                text30                             155F     155F       50     2ABE       0
                text29                             1352     1352       27     26A4       0
                text28                              9FE      9FE       E5     13FC       0
                text27                              AE3      AE3      134     15C6       0
                text26                             1287     1287       17     250E       0
                text25                             12D5     12D5       1D     25AA       0
                text24                             13CF     13CF       31     279E       0
                text23                             1310     1310       1F     2620       0
                text22                             12B9     12B9       1C     2572       0
                text21                             1519     1519       46     2A32       0
                text20                             129E     129E       1B     253C       0
                text19                             12F2     12F2       1E     25E4       0
                text18                             132F     132F       23     265E       0
                text17                             15AF     15AF       5B     2B5E       0
                text16                             14D6     14D6       43     29AC       0
                text15                             1400     1400       31     2800       0
                text14                             172F     172F       68     2E5E       0
                text13                             149C     149C       3A     2938       0
                text12                             1271     1271       16     24E2       0
                text11                              7AC      7AC       54        8       0
                text10                             1667     1667       62     2CCE       0
                text9                               806      806       46     100C       0
                text8                               C17      C17      1C0     182E       0
                text7                              1251     1251        D     24A2       0
                text6                              1431     1431       32     2862       0
                text5                              1214     1214        9     2428       0
                text4                              121D     121D        9     243A       0
                text3                              122F     122F        A     245E       0
                text2                              16C9     16C9       66     2D92       0
                text1                              1463     1463       39     28C6       0
                maintext                            DD7      DD7      229     1BAE       0
                cstackBANK0                          20       20       50       20       1
                cstackCOMMON                         70       70        7       70       1
                cstackBANK1                          A0       A0       33       A0       1
                inittext                           125E     125E       13     24BC       0
                dataBANK3                           190      190        B      190       1
                dataBANK1                            DD       DD        9       A0       1
                bssBANK1                             D3       D3        A       A0       1
                bssCOMMON                            77       77        3       70       1
                strings                            1000     1000       1B     2000       0
                idataBANK3                         1239     1239        B     2472       0
                idataBANK1                         1226     1226        9     244C       0

TOTAL           Name                               Link     Load   Length     Space
        CLASS   CODE           
                end_init                              E        E        3         0
                cinit                                11       11       2F         0
                intentry                              4        4        A         0
                reset_vec                             0        0        3         0
                text42                             13A2     13A2       2D         0
                text41                              8C4      8C4       80         0
                text40                              800      800        6         0
                text39                             1244     1244        D         0
                text38                              5DD      5DD      1CF         0
                text37                             1379     1379       29         0
                text36                               40       40      345         0
                text35                              84C      84C       78         0
                text34                              944      944       BA         0
                text33                             160A     160A       5D         0
                text32                             1797     1797       69         0
                text31                              385      385      258         0
                text30                             155F     155F       50         0
                text29                             1352     1352       27         0
                text28                              9FE      9FE       E5         0
                text27                              AE3      AE3      134         0
                text26                             1287     1287       17         0
                text25                             12D5     12D5       1D         0
                text24                             13CF     13CF       31         0
                text23                             1310     1310       1F         0
                text22                             12B9     12B9       1C         0
                text21                             1519     1519       46         0
                text20                             129E     129E       1B         0
                text19                             12F2     12F2       1E         0
                text18                             132F     132F       23         0
                text17                             15AF     15AF       5B         0
                text16                             14D6     14D6       43         0
                text15                             1400     1400       31         0
                text14                             172F     172F       68         0
                text13                             149C     149C       3A         0
                text12                             1271     1271       16         0
                text11                              7AC      7AC       54         0
                text10                             1667     1667       62         0
                text9                               806      806       46         0
                text8                               C17      C17      1C0         0
                text7                              1251     1251        D         0
                text6                              1431     1431       32         0
                text5                              1214     1214        9         0
                text4                              121D     121D        9         0
                text3                              122F     122F        A         0
                text2                              16C9     16C9       66         0
                text1                              1463     1463       39         0
                maintext                            DD7      DD7      229         0
                inittext                           125E     125E       13         0
                idataBANK3                         1239     1239        B         0
                idataBANK1                         1226     1226        9         0

        CLASS   STRCODE        

        CLASS   STRING         
                strings                            1000     1000       1B         0

        CLASS   CONST          

        CLASS   ENTRY          

        CLASS   COMMON         
                cstackCOMMON                         70       70        7         1
                bssCOMMON                            77       77        3         1

        CLASS   BANK0          
                cstackBANK0                          20       20       50         1

        CLASS   BANK1          
                cstackBANK1                          A0       A0       33         1
                dataBANK1                            DD       DD        9         1
                bssBANK1                             D3       D3        A         1

        CLASS   BANK2          

        CLASS   BANK3          
                dataBANK3                           190      190        B         1

        CLASS   RAM            

        CLASS   ABS1           
                abs_s1                               7E       7E        2         1

        CLASS   SFR0           

        CLASS   SFR1           

        CLASS   SFR2           

        CLASS   SFR3           

        CLASS   CONFIG         
                config                             2007     2007        2         4

        CLASS   IDLOC          

        CLASS   EEDATA         

        CLASS   STACK          



SEGMENTS        Name                           Load    Length   Top    Selector   Space  Class     Delta

                reset_vec                      000000  000003  000003         0       0  CODE        2
                intentry                       000004  000802  000806         8       0  CODE        2
                cstackBANK0                    000020  000050  000070        20       1  BANK0       1
                cstackCOMMON                   000070  00000A  00007A        70       1  COMMON      1
                cstackBANK1                    0000A0  000046  0000E6        A0       1  BANK1       1
                dataBANK3                      000190  00000B  00019B       190       1  BANK3       1
                text9                          000806  000046  00084C      100C       0  CODE        2
                text35                         00084C  000078  0008C4      1098       0  CODE        2
                text41                         0008C4  000080  000944      1188       0  CODE        2
                text34                         000944  0000BA  0009FE      1288       0  CODE        2
                text28                         0009FE  0000E5  000AE3      13FC       0  CODE        2
                text27                         000AE3  000134  000C17      15C6       0  CODE        2
                text8                          000C17  0001C0  000DD7      182E       0  CODE        2
                maintext                       000DD7  000229  001000      1BAE       0  CODE        2
                strings                        001000  00001B  00101B      2000       0  STRING      2
                text5                          001214  000009  00121D      2428       0  CODE        2
                text4                          00121D  000009  001226      243A       0  CODE        2
                idataBANK1                     001226  000009  00122F      244C       0  CODE        2
                text3                          00122F  00000A  001239      245E       0  CODE        2
                idataBANK3                     001239  00000B  001244      2472       0  CODE        2
                text39                         001244  00000D  001251      2488       0  CODE        2
                text7                          001251  00000D  00125E      24A2       0  CODE        2
                inittext                       00125E  000013  001271      24BC       0  CODE        2
                text12                         001271  000016  001287      24E2       0  CODE        2
                text26                         001287  000017  00129E      250E       0  CODE        2
                text20                         00129E  00001B  0012B9      253C       0  CODE        2
                text22                         0012B9  00001C  0012D5      2572       0  CODE        2
                text25                         0012D5  00001D  0012F2      25AA       0  CODE        2
                text19                         0012F2  00001E  001310      25E4       0  CODE        2
                text23                         001310  00001F  00132F      2620       0  CODE        2
                text18                         00132F  000023  001352      265E       0  CODE        2
                text29                         001352  000027  001379      26A4       0  CODE        2
                text37                         001379  000029  0013A2      26F2       0  CODE        2
                text42                         0013A2  00002D  0013CF      2744       0  CODE        2
                text24                         0013CF  000031  001400      279E       0  CODE        2
                text15                         001400  000031  001431      2800       0  CODE        2
                text6                          001431  000032  001463      2862       0  CODE        2
                text1                          001463  000039  00149C      28C6       0  CODE        2
                text13                         00149C  00003A  0014D6      2938       0  CODE        2
                text16                         0014D6  000043  001519      29AC       0  CODE        2
                text21                         001519  000046  00155F      2A32       0  CODE        2
                text30                         00155F  000050  0015AF      2ABE       0  CODE        2
                text17                         0015AF  00005B  00160A      2B5E       0  CODE        2
                text33                         00160A  00005D  001667      2C14       0  CODE        2
                text10                         001667  000062  0016C9      2CCE       0  CODE        2
                text2                          0016C9  000066  00172F      2D92       0  CODE        2
                text14                         00172F  000068  001797      2E5E       0  CODE        2
                text32                         001797  000069  001800      2F2E       0  CODE        2


UNUSED ADDRESS RANGES

        Name                Unused          Largest block    Delta
        BANK1            00E6-00EF              A           1
        BANK2            0110-016F             60           1
        BANK3            019B-01EF             55           1
        CODE             0003-0003              1           2
                         101B-1213            1F9
                         1800-1FFF            800
        COMMON           007A-007D              4           1
        CONST            0003-0003              1           2
                         101B-1213            100
                         1800-1FFF            100
        EEDATA           2100-21FF            100           2
        ENTRY            0003-0003              1           2
                         101B-1213            100
                         1800-1FFF            100
        IDLOC            2000-2003              4           2
        RAM              00E6-00EF              A           1
                         0110-016F             60
                         019B-01EF             55
        SFR0             0000-001F             20           1
        SFR1             0080-009F             20           1
        SFR2             0100-010F             10           1
        SFR3             0180-018F             10           1
        STRCODE          0003-0003              1           2
                         101B-1213            1F9
                         1800-1FFF            800
        STRING           0003-0003              1           2
                         101B-1213            100
                         1800-1FFF            100

                                  Symbol Table

?_I2C_Master_Read         cstackBANK0  0020
?__Umul8_16               cstackBANK0  0020
?___awdiv                 cstackBANK1  00AF
?___awmod                 cstackBANK0  0020
?___fladd                 cstackBANK0  0020
?___fldiv                 cstackBANK0  0048
?___flmul                 cstackBANK0  002E
?___flsub                 cstackBANK1  00A7
?___fltol                 cstackBANK0  0062
?___lldiv                 cstackBANK0  0020
?___wmul                  cstackBANK1  00A1
?___xxtofl                cstackBANK0  0020
?_readRTC                 cstackBANK0  0026
BCDToDecimal@num          cstackBANK0  0026
BCDToDecimal@ones         cstackBANK0  0025
BCDToDecimal@tens         cstackBANK0  0024
CENTENA@c                 cstackBANK1  00A0
DECENA@c                  cstackBANK1  00C1
I2C_Master_Init@c         cstackBANK0  002E
I2C_Master_Read@a         cstackBANK0  0020
I2C_Master_Read@temp      cstackBANK0  0024
I2C_Master_Write@d        cstackBANK0  0020
IOC_INT@a                 cstackBANK0  0020
LCD_CHAR@a                cstackBANK0  0023
LCD_COM@a                 cstackBANK0  0023
LCD_PORT@a                cstackBANK0  0020
LCD_STRING@a              cstackBANK0  0024
LCD_STRING@i              cstackBANK0  0029
LCD_XY@x                  cstackBANK0  0025
LCD_XY@y                  cstackBANK0  0024
OSCILLATOR@f              cstackBANK0  0022
UNIDAD@c                  cstackBANK1  00D0
_ANSEL                    (abs)        0188
_ANSELH                   (abs)        0189
_BCDToDecimal             text25       12D5
_CENTENA                  text33       160A
_DECENA                   text28       09FE
_DECENA$1102              cstackBANK1  00BD
_Date                     dataBANK3    0190
_I2C_Master_Init          text13       149C
_I2C_Master_Read          text6        1431
_I2C_Master_Start         text5        1214
_I2C_Master_Stop          text4        121D
_I2C_Master_Wait          text7        1251
_I2C_Master_Write         text3        122F
_INTCONbits               (abs)        000B
_IOCBbits                 (abs)        0096
_IOC_INT                  text12       1271
_ISR                      text41       08C4
_LCD_CHAR                 text22       12B9
_LCD_CLEAR                text39       1244
_LCD_COM                  text20       129E
_LCD_INIT                 text11       07AC
_LCD_PORT                 text40       0800
_LCD_STRING               text21       1519
_LCD_XY                   text19       12F2
_OPTION_REGbits           (abs)        0081
_OSCCONbits               (abs)        008F
_OSCILLATOR               text10       1667
_PORTB                    (abs)        0006
_PORTD                    (abs)        0008
_PORTE                    (abs)        0009
_RB0                      (abs)        0030
_RB1                      (abs)        0031
_RE0                      (abs)        0048
_RE1                      (abs)        0049
_SSPADD                   (abs)        0093
_SSPBUF                   (abs)        0013
_SSPCON                   (abs)        0014
_SSPCON2                  (abs)        0091
_SSPCON2bits              (abs)        0091
_SSPSTAT                  (abs)        0094
_TRISB                    (abs)        0086
_TRISCbits                (abs)        0087
_TRISD                    (abs)        0088
_TRISE                    (abs)        0089
_Time                     dataBANK1    00DD
_UNIDAD                   text27       0AE3
_UNIDAD$1103              cstackBANK1  00C6
_UNIDAD$1104              cstackBANK1  00CE
_UNIDAD$1105              cstackBANK1  00CA
_WPUBbits                 (abs)        0095
__H__absolute__           __absolute__ 0000
__Habs1                   abs1         0000
__Hbank0                  bank0        0000
__Hbank1                  bank1        0000
__Hbank2                  bank2        0000
__Hbank3                  bank3        0000
__HbssBANK1               bssBANK1     0000
__HbssCOMMON              bssCOMMON    0000
__Hcinit                  cinit        0040
__Hclrtext                clrtext      0000
__Hcode                   code         0000
__Hcommon                 common       0000
__Hconfig                 config       2009
__HcstackBANK0            cstackBANK0  0000
__HcstackBANK1            cstackBANK1  0000
__HcstackCOMMON           cstackCOMMON 0000
__HdataBANK1              dataBANK1    0000
__HdataBANK3              dataBANK3    0000
__Heeprom_data            eeprom_data  0000
__Hend_init               end_init     0011
__Hfunctab                functab      0000
__HidataBANK1             idataBANK1   0000
__HidataBANK3             idataBANK3   0000
__Hinit                   init         000E
__Hinittext               inittext     0000
__Hintentry               intentry     000E
__Hmaintext               maintext     0000
__Hpowerup                powerup      0000
__Hram                    ram          0000
__Hreset_vec              reset_vec    0003
__Hsfr0                   sfr0         0000
__Hsfr1                   sfr1         0000
__Hsfr2                   sfr2         0000
__Hsfr3                   sfr3         0000
__Hspace_0                (abs)        1800
__Hspace_1                (abs)        019B
__Hspace_2                (abs)        0000
__Hspace_3                (abs)        0000
__Hspace_4                (abs)        4010
__Hstack                  stack        0000
__Hstrings                strings      0000
__Htext                   text         0000
__L__absolute__           __absolute__ 0000
__Labs1                   abs1         0000
__Lbank0                  bank0        0000
__Lbank1                  bank1        0000
__Lbank2                  bank2        0000
__Lbank3                  bank3        0000
__LbssBANK1               bssBANK1     0000
__LbssCOMMON              bssCOMMON    0000
__Lcinit                  cinit        0011
__Lclrtext                clrtext      0000
__Lcode                   code         0000
__Lcommon                 common       0000
__Lconfig                 config       0000
__LcstackBANK0            cstackBANK0  0000
__LcstackBANK1            cstackBANK1  0000
__LcstackCOMMON           cstackCOMMON 0000
__LdataBANK1              dataBANK1    0000
__LdataBANK3              dataBANK3    0000
__Leeprom_data            eeprom_data  0000
__Lend_init               end_init     000E
__Lfunctab                functab      0000
__LidataBANK1             idataBANK1   0000
__LidataBANK3             idataBANK3   0000
__Linit                   init         000E
__Linittext               inittext     0000
__Lintentry               intentry     0004
__Lmaintext               maintext     0000
__Lpowerup                powerup      0000
__Lram                    ram          0000
__Lreset_vec              reset_vec    0000
__Lsfr0                   sfr0         0000
__Lsfr1                   sfr1         0000
__Lsfr2                   sfr2         0000
__Lsfr3                   sfr3         0000
__Lspace_0                (abs)        0000
__Lspace_1                (abs)        0000
__Lspace_2                (abs)        0000
__Lspace_3                (abs)        0000
__Lspace_4                (abs)        0000
__Lstack                  stack        0000
__Lstrings                strings      0000
__Ltext                   text         0000
__S0                      (abs)        1800
__S1                      (abs)        019B
__S3                      (abs)        0000
__Umul8_16                text37       1379
__Umul8_16@multiplicand   cstackBANK0  0020
__Umul8_16@multiplier     cstackBANK0  0028
__Umul8_16@product        cstackBANK0  0024
__Umul8_16@word_mpld      cstackBANK0  0026
___awdiv                  text32       1797
___awdiv@counter          cstackBANK1  00B3
___awdiv@dividend         cstackBANK1  00B1
___awdiv@divisor          cstackBANK1  00AF
___awdiv@quotient         cstackBANK1  00B5
___awdiv@sign             cstackBANK1  00B4
___awmod                  text17       15AF
___awmod@counter          cstackBANK0  0024
___awmod@dividend         cstackBANK0  0022
___awmod@divisor          cstackBANK0  0020
___awmod@sign             cstackBANK0  0025
___bmul                   text26       1287
___bmul@multiplicand      cstackBANK0  0020
___bmul@multiplier        cstackBANK0  0022
___bmul@product           cstackBANK0  0021
___fladd                  text31       0385
___fladd@a                cstackBANK0  0024
___fladd@aexp             cstackBANK0  0031
___fladd@b                cstackBANK0  0020
___fladd@bexp             cstackBANK0  0032
___fladd@grs              cstackBANK0  0033
___fladd@signs            cstackBANK0  0030
___fldiv                  text38       05DD
___fldiv@a                cstackBANK0  0048
___fldiv@aexp             cstackBANK0  0061
___fldiv@b                cstackBANK0  004C
___fldiv@bexp             cstackBANK0  0060
___fldiv@grs              cstackBANK0  005C
___fldiv@new_exp          cstackBANK0  005A
___fldiv@rem              cstackBANK0  0055
___fldiv@sign             cstackBANK0  0059
___flmul                  text36       0040
___flmul@a                cstackBANK0  0032
___flmul@aexp             cstackBANK0  0040
___flmul@b                cstackBANK0  002E
___flmul@bexp             cstackBANK0  0041
___flmul@grs              cstackBANK0  003C
___flmul@prod             cstackBANK0  0042
___flmul@sign             cstackBANK0  003B
___flmul@temp             cstackBANK0  0046
___flsub                  text30       155F
___flsub@a                cstackBANK1  00A7
___flsub@b                cstackBANK1  00AB
___fltol                  text35       084C
___fltol@exp1             cstackBANK0  006B
___fltol@f1               cstackBANK0  0062
___fltol@sign1            cstackBANK0  006A
___int_sp                 stack        0000
___latbits                (abs)        0002
___lldiv                  text14       172F
___lldiv@counter          cstackBANK0  002D
___lldiv@dividend         cstackBANK0  0024
___lldiv@divisor          cstackBANK0  0020
___lldiv@quotient         cstackBANK0  0029
___sp                     stack        0000
___stackhi                (abs)        0000
___stacklo                (abs)        0000
___wmul                   text29       1352
___wmul@multiplicand      cstackBANK1  00A3
___wmul@multiplier        cstackBANK1  00A1
___wmul@product           cstackBANK1  00A5
___xxtofl                 text34       0944
___xxtofl@arg             cstackBANK0  002A
___xxtofl@exp             cstackBANK0  0029
___xxtofl@sign            cstackBANK0  0028
___xxtofl@val             cstackBANK0  0020
__end_of_BCDToDecimal     text25       12F2
__end_of_CENTENA          text33       1667
__end_of_DECENA           text28       0AE3
__end_of_I2C_Master_Init  text13       14D6
__end_of_I2C_Master_Read  text6        1463
__end_of_I2C_Master_Start text5        121D
__end_of_I2C_Master_Stop  text4        1226
__end_of_I2C_Master_Wait  text7        125E
__end_of_I2C_Master_Write text3        1239
__end_of_IOC_INT          text12       1287
__end_of_ISR              text41       0944
__end_of_LCD_CHAR         text22       12D5
__end_of_LCD_CLEAR        text39       1251
__end_of_LCD_COM          text20       12B9
__end_of_LCD_INIT         text11       0800
__end_of_LCD_PORT         text40       0806
__end_of_LCD_STRING       text21       155F
__end_of_LCD_XY           text19       1310
__end_of_OSCILLATOR       text10       16C9
__end_of_UNIDAD           text27       0C17
__end_of__Umul8_16        text37       13A2
__end_of___awdiv          text32       1800
__end_of___awmod          text17       160A
__end_of___bmul           text26       129E
__end_of___fladd          text31       05DD
__end_of___fldiv          text38       07AC
__end_of___flmul          text36       0385
__end_of___flsub          text30       15AF
__end_of___fltol          text35       08C4
__end_of___lldiv          text14       1797
__end_of___wmul           text29       1379
__end_of___xxtofl         text34       09FE
__end_of__initialization  cinit        003C
__end_of__stringtab       strings      1010
__end_of_adjustValue      text23       132F
__end_of_blink            text18       1352
__end_of_configureValue   text15       1431
__end_of_debounce         text24       1400
__end_of_decimalToBCD     text16       1519
__end_of_initialize       text9        084C
__end_of_main             maintext     1000
__end_of_printTimeAndDate text8        0DD7
__end_of_readRTC          text2        172F
__end_of_writeRTC         text1        149C
__end_ofi1_debounce       text42       13CF
__initialization          cinit        0011
__pbssBANK1               bssBANK1     00D3
__pbssCOMMON              bssCOMMON    0077
__pcstackBANK0            cstackBANK0  0020
__pcstackBANK1            cstackBANK1  00A0
__pcstackCOMMON           cstackCOMMON 0070
__pdataBANK1              dataBANK1    00DD
__pdataBANK3              dataBANK3    0190
__pidataBANK1             idataBANK1   1226
__pidataBANK3             idataBANK3   1239
__pintentry               intentry     0004
__pmaintext               maintext     0DD7
__pstrings                strings      1000
__ptext1                  text1        1463
__ptext10                 text10       1667
__ptext11                 text11       07AC
__ptext12                 text12       1271
__ptext13                 text13       149C
__ptext14                 text14       172F
__ptext15                 text15       1400
__ptext16                 text16       14D6
__ptext17                 text17       15AF
__ptext18                 text18       132F
__ptext19                 text19       12F2
__ptext2                  text2        16C9
__ptext20                 text20       129E
__ptext21                 text21       1519
__ptext22                 text22       12B9
__ptext23                 text23       1310
__ptext24                 text24       13CF
__ptext25                 text25       12D5
__ptext26                 text26       1287
__ptext27                 text27       0AE3
__ptext28                 text28       09FE
__ptext29                 text29       1352
__ptext3                  text3        122F
__ptext30                 text30       155F
__ptext31                 text31       0385
__ptext32                 text32       1797
__ptext33                 text33       160A
__ptext34                 text34       0944
__ptext35                 text35       084C
__ptext36                 text36       0040
__ptext37                 text37       1379
__ptext38                 text38       05DD
__ptext39                 text39       1244
__ptext4                  text4        121D
__ptext40                 text40       0800
__ptext41                 text41       08C4
__ptext42                 text42       13A2
__ptext5                  text5        1214
__ptext6                  text6        1431
__ptext7                  text7        1251
__ptext8                  text8        0C17
__ptext9                  text9        0806
__stringbase              strings      100F
__stringtab               strings      1000
_adjustValue              text23       1310
_blink                    text18       132F
_configureValue           text15       1400
_day                      bssBANK1     00D5
_debounce                 text24       13CF
_decimalToBCD             text16       14D6
_hours                    bssBANK1     00D6
_hundred                  bssBANK1     00D9
_initialize               text9        0806
_main                     maintext     0DD7
_menuParameter            bssCOMMON    0078
_menuSelection            bssCOMMON    0079
_minutes                  bssBANK1     00D7
_month                    bssBANK1     00D4
_potentiometer            bssBANK1     00DC
_printTimeAndDate         text8        0C17
_readRTC                  text2        16C9
_seconds                  bssBANK1     00D8
_ten                      bssBANK1     00DA
_unit                     bssBANK1     00DB
_writeRTC                 text1        1463
_year                     bssBANK1     00D3
adjustValue@parameter     cstackBANK0  0028
adjustValue@rtc           cstackBANK0  0027
blink@j                   cstackBANK0  0022
btemp                     (abs)        007E
configureValue@parameter  cstackBANK1  00BD
configureValue@rtc        cstackBANK1  00BE
configureValue@x          cstackBANK1  00BF
configureValue@y          cstackBANK1  00BC
debounce@counter          cstackBANK0  0022
debounce@i                cstackBANK0  0023
decimalToBCD@num          cstackBANK1  00BB
decimalToBCD@ones         cstackBANK1  00BA
decimalToBCD@tens         cstackBANK1  00B9
end_of_initialization     cinit        003C
i1_debounce               text42       13A2
i1debounce@counter        cstackCOMMON 0072
i1debounce@i              cstackCOMMON 0073
init_fetch0               inittext     125E
init_ram0                 inittext     1262
interrupt_function        intentry     0004
intlevel0                 functab      0000
intlevel1                 functab      0000
intlevel2                 functab      0000
intlevel3                 functab      0000
intlevel4                 functab      0000
intlevel5                 functab      0000
printTimeAndDate@day1     cstackBANK1  00BD
printTimeAndDate@hours1   cstackBANK1  00BC
printTimeAndDate@minutes1 cstackBANK1  00BB
printTimeAndDate@month1   cstackBANK1  00BE
printTimeAndDate@seconds1 cstackBANK1  00BA
printTimeAndDate@year1    cstackBANK1  00BF
readRTC@I2C               cstackBANK0  0026
readRTC@RTC               cstackBANK0  002C
readRTC@d                 cstackBANK0  0028
reset_vec                 reset_vec    0000
saved_w                   (abs)        007E
start                     init         000E
start_initialization      cinit        0011
writeRTC@I2C              cstackBANK0  0022
writeRTC@d                cstackBANK0  0024
writeRTC@parameter        cstackBANK0  0026
wtemp0                    (abs)        007E


MODULE INFORMATION

Module		Function		Class		Link	Load	Size
C:\Program Files\Microchip\xc8\v2.41\pic\sources\c90\common\sprcmul.c
		___flmul       		CODE           	0040	0000	837

C:\Program Files\Microchip\xc8\v2.41\pic\sources\c90\common\sprcmul.c estimated size: 837

i2c_lib.c
		_I2C_Master_Read		CODE           	1431	0000	50
		_I2C_Master_Wait		CODE           	1251	0000	13
		_I2C_Master_Init		CODE           	149C	0000	58
		_I2C_Master_Stop		CODE           	121D	0000	9
		_I2C_Master_Write		CODE           	122F	0000	10
		_I2C_Master_Start		CODE           	1214	0000	9

i2c_lib.c estimated size: 149

C:\Program Files\Microchip\xc8\v2.41\pic\sources\c90\common\sprcdiv.c
		___fldiv       		CODE           	05DD	0000	463

C:\Program Files\Microchip\xc8\v2.41\pic\sources\c90\common\sprcdiv.c estimated size: 463

C:\Program Files\Microchip\xc8\v2.41\pic\sources\c90\common\Umul16.c
		___wmul        		CODE           	1352	0000	39

C:\Program Files\Microchip\xc8\v2.41\pic\sources\c90\common\Umul16.c estimated size: 39

C:\Program Files\Microchip\xc8\v2.41\pic\sources\c90\common\awdiv.c
		___awdiv       		CODE           	1797	0000	105

C:\Program Files\Microchip\xc8\v2.41\pic\sources\c90\common\awdiv.c estimated size: 105

C:\Program Files\Microchip\xc8\v2.41\pic\sources\c90\common\fltol.c
		___fltol       		CODE           	084C	0000	120

C:\Program Files\Microchip\xc8\v2.41\pic\sources\c90\common\fltol.c estimated size: 120

C:\Program Files\Microchip\xc8\v2.41\pic\sources\c90\common\__lldiv.c
		___lldiv       		CODE           	172F	0000	104

C:\Program Files\Microchip\xc8\v2.41\pic\sources\c90\common\__lldiv.c estimated size: 104

C:\Program Files\Microchip\xc8\v2.41\pic\sources\c90\common\Umul8.c
		___bmul        		CODE           	1287	0000	23

C:\Program Files\Microchip\xc8\v2.41\pic\sources\c90\common\Umul8.c estimated size: 23

C:\Program Files\Microchip\xc8\v2.41\pic\sources\c90\common\sprcadd.c
		___flsub       		CODE           	155F	0000	80
		___fladd       		CODE           	0385	0000	600

C:\Program Files\Microchip\xc8\v2.41\pic\sources\c90\common\sprcadd.c estimated size: 680

C:\Program Files\Microchip\xc8\v2.41\pic\sources\c90\common\xxtofl.c
		___xxtofl      		CODE           	0944	0000	186

C:\Program Files\Microchip\xc8\v2.41\pic\sources\c90\common\xxtofl.c estimated size: 186

shared
		__stringtab    		STRING         	1000	0000	16
		i1_debounce    		CODE           	13A2	0000	45
		__initialization		CODE           	0011	0000	43

shared estimated size: 104

C:\Program Files\Microchip\xc8\v2.41\pic\sources\c90\common\Umul8_16.c
		__Umul8_16     		CODE           	1379	0000	41

C:\Program Files\Microchip\xc8\v2.41\pic\sources\c90\common\Umul8_16.c estimated size: 41

MASTER.c
		_decimalToBCD  		CODE           	14D6	0000	67
		_debounce      		CODE           	13CF	0000	49
		_ISR           		CODE           	08C4	0000	128
		_configureValue		CODE           	1400	0000	49
		_main          		CODE           	0DD7	0000	553
		_BCDToDecimal  		CODE           	12D5	0000	29
		_adjustValue   		CODE           	1310	0000	31
		_initialize    		CODE           	0806	0000	70
		_blink         		CODE           	132F	0000	35
		_printTimeAndDate		CODE           	0C17	0000	448

MASTER.c estimated size: 1459

C:\Program Files\Microchip\xc8\v2.41\pic\sources\c90\common\awmod.c
		___awmod       		CODE           	15AF	0000	91

C:\Program Files\Microchip\xc8\v2.41\pic\sources\c90\common\awmod.c estimated size: 91

RTC.c
		_readRTC       		CODE           	16C9	0000	102
		_writeRTC      		CODE           	1463	0000	57

RTC.c estimated size: 159

LCD.c
		_LCD_STRING    		CODE           	1519	0000	70
		_LCD_INIT      		CODE           	07AC	0000	84
		_LCD_COM       		CODE           	129E	0000	27
		_LCD_XY        		CODE           	12F2	0000	30
		_UNIDAD        		CODE           	0AE3	0000	308
		_CENTENA       		CODE           	160A	0000	93
		_LCD_CHAR      		CODE           	12B9	0000	28
		_LCD_CLEAR     		CODE           	1244	0000	13
		_LCD_PORT      		CODE           	0800	0000	6
		_IOC_INT       		CODE           	1271	0000	22
		_OSCILLATOR    		CODE           	1667	0000	98
		_DECENA        		CODE           	09FE	0000	229

LCD.c estimated size: 1008

