******************************************************************************
                  TI ARM Linker PC v20.2.7                     
******************************************************************************
>> Linked Wed Oct 18 23:33:31 2023

OUTPUT FILE NAME:   <LAB07.out>
ENTRY POINT SYMBOL: "_c_int00_noinit_noargs"  address: 0000085d


MEMORY CONFIGURATION

         name            origin    length      used     unused   attr    fill
----------------------  --------  ---------  --------  --------  ----  --------
  FLASH                 00000000   00040000  00000902  0003f6fe  R  X
  SRAM                  20000000   00008000  00000200  00007e00  RW X


SEGMENT ALLOCATION MAP

run origin  load origin   length   init length attrs members
----------  ----------- ---------- ----------- ----- -------
00000000    00000000    00000902   00000902    r-x
  00000000    00000000    0000026c   0000026c    r-- .intvecs
  0000026c    0000026c    00000696   00000696    r-x .text
20000000    20000000    00000200   00000000    rw-
  20000000    20000000    00000200   00000000    rw- .stack


SECTION ALLOCATION MAP

 output                                  attributes/
section   page    origin      length       input sections
--------  ----  ----------  ----------   ----------------
.intvecs   0    00000000    0000026c     
                  00000000    0000026c     tm4c123gh6pm_startup_ccs.obj (.intvecs)

.text      0    0000026c    00000696     
                  0000026c    0000035c     main.obj (.text)
                  000005c8    00000132     driverlib.lib : gpio.obj (.text:GPIOPadConfigSet)
                  000006fa    00000002     --HOLE-- [fill = 0]
                  000006fc    000000f4                   : sysctl.obj (.text:SysCtlClockSet)
                  000007f0    00000038                   : sysctl.obj (.text:SysCtlPeripheralReady)
                  00000828    00000034                   : sysctl.obj (.text:SysCtlPeripheralEnable)
                  0000085c    0000002c     rtsv7M4_T_le_v4SPD16_eabi.lib : boot_cortex_m.c.obj (.text:_c_int00_noinit_noargs:_c_int00_noinit_noargs)
                  00000888    0000002a     driverlib.lib : gpio.obj (.text:GPIODirModeSet)
                  000008b2    00000018                   : gpio.obj (.text:GPIOPinTypeGPIOOutput)
                  000008ca    00000012                   : gpio.obj (.text:GPIOPinTypeGPIOInput)
                  000008dc    0000000c     tm4c123gh6pm_startup_ccs.obj (.text)
                  000008e8    00000006     driverlib.lib : gpio.obj (.text:GPIOPinRead)
                  000008ee    00000006                   : gpio.obj (.text:GPIOPinWrite)
                  000008f4    00000006                   : sysctl.obj (.text:SysCtlDelay)
                  000008fa    00000004     rtsv7M4_T_le_v4SPD16_eabi.lib : pre_init.c.obj (.text:_system_pre_init)
                  000008fe    00000004                                   : exit.c.obj (.text:abort:abort)

.cinit     0    00000000    00000000     UNINITIALIZED

.init_array 
*          0    00000000    00000000     UNINITIALIZED

.stack     0    20000000    00000200     UNINITIALIZED
                  20000000    00000004     rtsv7M4_T_le_v4SPD16_eabi.lib : boot_cortex_m.c.obj (.stack)
                  20000004    000001fc     --HOLE--

__llvm_prf_cnts 
*          0    20000000    00000000     UNINITIALIZED

MODULE SUMMARY

       Module                         code   ro data   rw data
       ------                         ----   -------   -------
    .\
       main.obj                       860    0         0      
       tm4c123gh6pm_startup_ccs.obj   12     620       0      
    +--+------------------------------+------+---------+---------+
       Total:                         872    620       0      
                                                              
    C:/ti/TivaWare_C_Series-2.1.4.178/driverlib/ccs/Debug/driverlib.lib
       gpio.obj                       402    0         0      
       sysctl.obj                     358    0         0      
    +--+------------------------------+------+---------+---------+
       Total:                         760    0         0      
                                                              
    C:\ti\ccs1250\ccs\tools\compiler\ti-cgt-arm_20.2.7.LTS\lib\rtsv7M4_T_le_v4SPD16_eabi.lib
       boot_cortex_m.c.obj            44     0         0      
       exit.c.obj                     4      0         0      
       pre_init.c.obj                 4      0         0      
    +--+------------------------------+------+---------+---------+
       Total:                         52     0         0      
                                                              
       Stack:                         0      0         512    
    +--+------------------------------+------+---------+---------+
       Grand Total:                   1684   620       512    


GLOBAL SYMBOLS: SORTED ALPHABETICALLY BY Name 

address   name                   
-------   ----                   
000008ff  C$$EXIT                
00000889  GPIODirModeSet         
000005c9  GPIOPadConfigSet       
000008e9  GPIOPinRead            
000008cb  GPIOPinTypeGPIOInput   
000008b3  GPIOPinTypeGPIOOutput  
000008ef  GPIOPinWrite           
000008dd  ResetISR               
000006fd  SysCtlClockSet         
000008f5  SysCtlDelay            
00000829  SysCtlPeripheralEnable 
000007f1  SysCtlPeripheralReady  
20000200  __STACK_END            
00000200  __STACK_SIZE           
20000200  __STACK_TOP            
ffffffff  __TI_pprof_out_hndl    
ffffffff  __TI_prof_data_size    
ffffffff  __TI_prof_data_start   
00000000  __TI_static_base__     
ffffffff  __binit__              
ffffffff  __c_args__             
UNDEFED   __mpu_init             
20000000  __stack                
20000000  __start___llvm_prf_cnts
20000000  __stop___llvm_prf_cnts 
0000085d  _c_int00_noinit_noargs 
000008fb  _system_pre_init       
000008ff  abort                  
ffffffff  binit                  
00000000  g_pfnVectors           
0000026d  main                   


GLOBAL SYMBOLS: SORTED BY Symbol Address 

address   name                   
-------   ----                   
00000000  __TI_static_base__     
00000000  g_pfnVectors           
00000200  __STACK_SIZE           
0000026d  main                   
000005c9  GPIOPadConfigSet       
000006fd  SysCtlClockSet         
000007f1  SysCtlPeripheralReady  
00000829  SysCtlPeripheralEnable 
0000085d  _c_int00_noinit_noargs 
00000889  GPIODirModeSet         
000008b3  GPIOPinTypeGPIOOutput  
000008cb  GPIOPinTypeGPIOInput   
000008dd  ResetISR               
000008e9  GPIOPinRead            
000008ef  GPIOPinWrite           
000008f5  SysCtlDelay            
000008fb  _system_pre_init       
000008ff  C$$EXIT                
000008ff  abort                  
20000000  __stack                
20000000  __start___llvm_prf_cnts
20000000  __stop___llvm_prf_cnts 
20000200  __STACK_END            
20000200  __STACK_TOP            
ffffffff  __TI_pprof_out_hndl    
ffffffff  __TI_prof_data_size    
ffffffff  __TI_prof_data_start   
ffffffff  __binit__              
ffffffff  __c_args__             
ffffffff  binit                  
UNDEFED   __mpu_init             

[31 symbols]
