******************************************************************************
                  TI ARM Linker PC v20.2.7                     
******************************************************************************
>> Linked Wed Nov 15 12:47:13 2023

OUTPUT FILE NAME:   <Parking_detector_1.out>
ENTRY POINT SYMBOL: "_c_int00_noargs"  address: 00000ced


MEMORY CONFIGURATION

         name            origin    length      used     unused   attr    fill
----------------------  --------  ---------  --------  --------  ----  --------
  FLASH                 00000000   00040000  0000103c  0003efc4  R  X
  SRAM                  20000000   00008000  00000228  00007dd8  RW X


SEGMENT ALLOCATION MAP

run origin  load origin   length   init length attrs members
----------  ----------- ---------- ----------- ----- -------
00000000    00000000    00001040   00001040    r-x
  00000000    00000000    0000026c   0000026c    r-- .intvecs
  0000026c    0000026c    00000c76   00000c76    r-x .text
  00000ee4    00000ee4    0000011a   0000011a    r-- .const
  00001000    00001000    00000040   00000040    r-- .cinit
20000000    20000000    00000228   00000000    rw-
  20000000    20000000    00000200   00000000    rw- .stack
  20000200    20000200    00000018   00000000    rw- .data
  20000218    20000218    00000010   00000000    rw- .bss


SECTION ALLOCATION MAP

 output                                  attributes/
section   page    origin      length       input sections
--------  ----  ----------  ----------   ----------------
.intvecs   0    00000000    0000026c     
                  00000000    0000026c     tm4c123gh6pm_startup_ccs.obj (.intvecs)

.text      0    0000026c    00000c76     
                  0000026c    000003d8     main.obj (.text)
                  00000644    00000132     driverlib.lib : gpio.obj (.text:GPIOPadConfigSet)
                  00000776    00000002     --HOLE-- [fill = 0]
                  00000778    00000110                   : sysctl.obj (.text:SysCtlClockGet)
                  00000888    000000f4                   : sysctl.obj (.text:SysCtlClockSet)
                  0000097c    0000009c     rtsv7M4_T_le_v4SPD16_eabi.lib : memcpy_t2.asm.obj (.text)
                  00000a18    0000007a     driverlib.lib : adc.obj (.text:ADCSequenceStepConfigure)
                  00000a92    00000068     rtsv7M4_T_le_v4SPD16_eabi.lib : copy_decompress_lzss.c.obj (.text:decompress:lzss:__TI_decompress_lzss)
                  00000afa    00000002     --HOLE-- [fill = 0]
                  00000afc    00000060     driverlib.lib : timer.obj (.text:TimerConfigure)
                  00000b5c    00000050                   : adc.obj (.text:ADCSequenceConfigure)
                  00000bac    00000048                   : gpio.obj (.text:GPIOPinConfigure)
                  00000bf4    00000046                   : uart.obj (.text:UARTConfigSetExpClk)
                  00000c3a    00000002     --HOLE-- [fill = 0]
                  00000c3c    00000044     rtsv7M4_T_le_v4SPD16_eabi.lib : autoinit.c.obj (.text:__TI_auto_init_nobinit_nopinit:__TI_auto_init_nobinit_nopinit)
                  00000c80    00000038     driverlib.lib : sysctl.obj (.text:SysCtlPeripheralReady)
                  00000cb8    00000034                   : sysctl.obj (.text:SysCtlPeripheralEnable)
                  00000cec    00000034     rtsv7M4_T_le_v4SPD16_eabi.lib : boot_cortex_m.c.obj (.text:_c_int00_noargs:_c_int00_noargs)
                  00000d20    0000002e     driverlib.lib : adc.obj (.text:ADCIntStatus)
                  00000d4e    0000002a                   : gpio.obj (.text:GPIODirModeSet)
                  00000d78    00000020                   : uart.obj (.text:UARTDisable)
                  00000d98    0000001e                   : adc.obj (.text:ADCSequenceDataGet)
                  00000db6    0000001c     rtsv7M4_T_le_v4SPD16_eabi.lib : copy_zero_init.c.obj (.text:decompress:ZI:__TI_zero_init_nomemset:__TI_zero_init_nomemset)
                  00000dd2    00000018     driverlib.lib : adc.obj (.text:ADCProcessorTrigger)
                  00000dea    00000018                   : gpio.obj (.text:GPIOPinTypeGPIOOutput)
                  00000e02    00000014                   : uart.obj (.text:UARTEnable)
                  00000e16    00000012                   : gpio.obj (.text:GPIOPinTypeADC)
                  00000e28    00000012                   : gpio.obj (.text:GPIOPinTypeUART)
                  00000e3a    00000012                   : timer.obj (.text:TimerLoadSet)
                  00000e4c    00000010                   : adc.obj (.text:ADCIntEnable)
                  00000e5c    00000010                   : interrupt.obj (.text:IntMasterEnable)
                  00000e6c    0000000e                   : adc.obj (.text:ADCSequenceEnable)
                  00000e7a    0000000e                   : timer.obj (.text:TimerEnable)
                  00000e88    0000000e     rtsv7M4_T_le_v4SPD16_eabi.lib : copy_decompress_none.c.obj (.text:decompress:none:__TI_decompress_none)
                  00000e96    0000000c     driverlib.lib : cpu.obj (.text:CPUcpsie)
                  00000ea2    0000000c     tm4c123gh6pm_startup_ccs.obj (.text)
                  00000eae    0000000a     driverlib.lib : adc.obj (.text:ADCIntClear)
                  00000eb8    0000000a                   : uart.obj (.text:UARTCharPut)
                  00000ec2    00000008                   : timer.obj (.text:TimerIntEnable)
                  00000eca    00000006                   : gpio.obj (.text:GPIOPinWrite)
                  00000ed0    00000006                   : sysctl.obj (.text:SysCtlDelay)
                  00000ed6    00000004                   : timer.obj (.text:TimerIntClear)
                  00000eda    00000004     rtsv7M4_T_le_v4SPD16_eabi.lib : pre_init.c.obj (.text:_system_pre_init)
                  00000ede    00000004                                   : exit.c.obj (.text:abort:abort)

.const     0    00000ee4    0000011a     
                  00000ee4    00000090     driverlib.lib : gpio.obj (.const:g_pui32GPIOBaseAddrs)
                  00000f74    0000006c                   : sysctl.obj (.const:g_pui32Xtals)
                  00000fe0    0000001e     main.obj (.const:.string)

.cinit     0    00001000    00000040     
                  00001000    00000017     (.cinit..data.load) [load image, compression = lzss]
                  00001017    00000001     --HOLE-- [fill = 0]
                  00001018    0000000c     (__TI_handler_table)
                  00001024    00000004     --HOLE-- [fill = 0]
                  00001028    00000008     (.cinit..bss.load) [load image, compression = zero_init]
                  00001030    00000010     (__TI_cinit_table)

.init_array 
*          0    00000000    00000000     UNINITIALIZED

.data      0    20000200    00000018     UNINITIALIZED
                  20000200    00000014     main.obj (.data)
                  20000214    00000004     main.obj (.data:flag)

.bss       0    20000218    00000010     UNINITIALIZED
                  20000218    00000010     (.common:adcValues)

.stack     0    20000000    00000200     UNINITIALIZED
                  20000000    00000004     rtsv7M4_T_le_v4SPD16_eabi.lib : boot_cortex_m.c.obj (.stack)
                  20000004    000001fc     --HOLE--

__llvm_prf_cnts 
*          0    20000000    00000000     UNINITIALIZED

MODULE SUMMARY

       Module                         code   ro data   rw data
       ------                         ----   -------   -------
    .\
       main.obj                       984    30        40     
       tm4c123gh6pm_startup_ccs.obj   12     620       0      
    +--+------------------------------+------+---------+---------+
       Total:                         996    650       40     
                                                              
    C:/ti/TivaWare_C_Series-2.1.4.178/driverlib/ccs/Debug/driverlib.lib
       sysctl.obj                     630    108       0      
       gpio.obj                       486    144       0      
       adc.obj                        342    0         0      
       timer.obj                      140    0         0      
       uart.obj                       132    0         0      
       interrupt.obj                  16     0         0      
       cpu.obj                        12     0         0      
    +--+------------------------------+------+---------+---------+
       Total:                         1758   252       0      
                                                              
    C:\ti\ccs1250\ccs\tools\compiler\ti-cgt-arm_20.2.7.LTS\lib\rtsv7M4_T_le_v4SPD16_eabi.lib
       memcpy_t2.asm.obj              156    0         0      
       copy_decompress_lzss.c.obj     104    0         0      
       autoinit.c.obj                 68     0         0      
       boot_cortex_m.c.obj            52     0         0      
       copy_zero_init.c.obj           28     0         0      
       copy_decompress_none.c.obj     14     0         0      
       exit.c.obj                     4      0         0      
       pre_init.c.obj                 4      0         0      
    +--+------------------------------+------+---------+---------+
       Total:                         430    0         0      
                                                              
       Stack:                         0      0         512    
       Linker Generated:              0      59        0      
    +--+------------------------------+------+---------+---------+
       Grand Total:                   3184   961       552    


LINKER GENERATED COPY TABLES

__TI_cinit_table @ 00001030 records: 2, size/record: 8, table size: 16
	.data: load addr=00001000, load size=00000017 bytes, run addr=20000200, run size=00000018 bytes, compression=lzss
	.bss: load addr=00001028, load size=00000008 bytes, run addr=20000218, run size=00000010 bytes, compression=zero_init


LINKER GENERATED HANDLER TABLE

__TI_handler_table @ 00001018 records: 3, size/record: 4, table size: 12
	index: 0, handler: __TI_decompress_lzss
	index: 1, handler: __TI_decompress_none
	index: 2, handler: __TI_zero_init


GLOBAL SYMBOLS: SORTED ALPHABETICALLY BY Name 

address   name                          
-------   ----                          
00000eaf  ADCIntClear                   
00000e4d  ADCIntEnable                  
00000d21  ADCIntStatus                  
00000dd3  ADCProcessorTrigger           
00000b5d  ADCSequenceConfigure          
00000d99  ADCSequenceDataGet            
00000e6d  ADCSequenceEnable             
00000a19  ADCSequenceStepConfigure      
00000edf  C$$EXIT                       
00000e97  CPUcpsie                      
00000d4f  GPIODirModeSet                
00000645  GPIOPadConfigSet              
00000bad  GPIOPinConfigure              
00000e17  GPIOPinTypeADC                
00000deb  GPIOPinTypeGPIOOutput         
00000e29  GPIOPinTypeUART               
00000ecb  GPIOPinWrite                  
00000e5d  IntMasterEnable               
00000ea3  ResetISR                      
00000779  SysCtlClockGet                
00000889  SysCtlClockSet                
00000ed1  SysCtlDelay                   
00000cb9  SysCtlPeripheralEnable        
00000c81  SysCtlPeripheralReady         
00000327  Timer0IntHandler              
00000afd  TimerConfigure                
00000e7b  TimerEnable                   
00000ed7  TimerIntClear                 
00000ec3  TimerIntEnable                
00000e3b  TimerLoadSet                  
00000eb9  UARTCharPut                   
00000bf5  UARTConfigSetExpClk           
00000d79  UARTDisable                   
00000e03  UARTEnable                    
20000200  __STACK_END                   
00000200  __STACK_SIZE                  
20000200  __STACK_TOP                   
00001030  __TI_CINIT_Base               
00001040  __TI_CINIT_Limit              
00001018  __TI_Handler_Table_Base       
00001024  __TI_Handler_Table_Limit      
00000c3d  __TI_auto_init_nobinit_nopinit
00000a93  __TI_decompress_lzss          
00000e89  __TI_decompress_none          
ffffffff  __TI_pprof_out_hndl           
ffffffff  __TI_prof_data_size           
ffffffff  __TI_prof_data_start          
00000000  __TI_static_base__            
00000db7  __TI_zero_init_nomemset       
0000097d  __aeabi_memcpy                
0000097d  __aeabi_memcpy4               
0000097d  __aeabi_memcpy8               
ffffffff  __binit__                     
ffffffff  __c_args__                    
UNDEFED   __mpu_init                    
20000000  __stack                       
20000000  __start___llvm_prf_cnts       
20000000  __stop___llvm_prf_cnts        
00000ced  _c_int00_noargs               
UNDEFED   _system_post_cinit            
00000edb  _system_pre_init              
00000edf  abort                         
20000218  adcValues                     
ffffffff  binit                         
20000214  flag                          
00000000  g_pfnVectors                  
20000200  i                             
0000026d  initDigitalOutputs            
000002ed  initTimer                     
000002a5  initUART                      
0000036d  main                          
0000097d  memcpy                        
20000204  uartString1                   
20000208  uartString2                   
2000020c  uartString3                   
20000210  uartString4                   


GLOBAL SYMBOLS: SORTED BY Symbol Address 

address   name                          
-------   ----                          
00000000  __TI_static_base__            
00000000  g_pfnVectors                  
00000200  __STACK_SIZE                  
0000026d  initDigitalOutputs            
000002a5  initUART                      
000002ed  initTimer                     
00000327  Timer0IntHandler              
0000036d  main                          
00000645  GPIOPadConfigSet              
00000779  SysCtlClockGet                
00000889  SysCtlClockSet                
0000097d  __aeabi_memcpy                
0000097d  __aeabi_memcpy4               
0000097d  __aeabi_memcpy8               
0000097d  memcpy                        
00000a19  ADCSequenceStepConfigure      
00000a93  __TI_decompress_lzss          
00000afd  TimerConfigure                
00000b5d  ADCSequenceConfigure          
00000bad  GPIOPinConfigure              
00000bf5  UARTConfigSetExpClk           
00000c3d  __TI_auto_init_nobinit_nopinit
00000c81  SysCtlPeripheralReady         
00000cb9  SysCtlPeripheralEnable        
00000ced  _c_int00_noargs               
00000d21  ADCIntStatus                  
00000d4f  GPIODirModeSet                
00000d79  UARTDisable                   
00000d99  ADCSequenceDataGet            
00000db7  __TI_zero_init_nomemset       
00000dd3  ADCProcessorTrigger           
00000deb  GPIOPinTypeGPIOOutput         
00000e03  UARTEnable                    
00000e17  GPIOPinTypeADC                
00000e29  GPIOPinTypeUART               
00000e3b  TimerLoadSet                  
00000e4d  ADCIntEnable                  
00000e5d  IntMasterEnable               
00000e6d  ADCSequenceEnable             
00000e7b  TimerEnable                   
00000e89  __TI_decompress_none          
00000e97  CPUcpsie                      
00000ea3  ResetISR                      
00000eaf  ADCIntClear                   
00000eb9  UARTCharPut                   
00000ec3  TimerIntEnable                
00000ecb  GPIOPinWrite                  
00000ed1  SysCtlDelay                   
00000ed7  TimerIntClear                 
00000edb  _system_pre_init              
00000edf  C$$EXIT                       
00000edf  abort                         
00001018  __TI_Handler_Table_Base       
00001024  __TI_Handler_Table_Limit      
00001030  __TI_CINIT_Base               
00001040  __TI_CINIT_Limit              
20000000  __stack                       
20000000  __start___llvm_prf_cnts       
20000000  __stop___llvm_prf_cnts        
20000200  __STACK_END                   
20000200  __STACK_TOP                   
20000200  i                             
20000204  uartString1                   
20000208  uartString2                   
2000020c  uartString3                   
20000210  uartString4                   
20000214  flag                          
20000218  adcValues                     
ffffffff  __TI_pprof_out_hndl           
ffffffff  __TI_prof_data_size           
ffffffff  __TI_prof_data_start          
ffffffff  __binit__                     
ffffffff  __c_args__                    
ffffffff  binit                         
UNDEFED   __mpu_init                    
UNDEFED   _system_post_cinit            

[76 symbols]
